<html>
<body>
<pre>
<h1>µVision Build Log</h1>
<h2>Project:</h2>
C:\Users\JAY-SAN\Desktop\ST7735_4C123\ST7735.uvproj
Project File Date:  09/26/2017

<h2>Output:</h2>
Rebuild target 'ST7735'
assembling startup.s...
compiling PLL.c...
compiling ST7735.c...
compiling ST7735TestMain.c...
ST7735TestMain.c(1820): warning:  #550-D: variable "dx" was set but never used
    int x, y, dx, dy;
ST7735TestMain.c(1820): warning:  #550-D: variable "dy" was set but never used
    int x, y, dx, dy;
ST7735TestMain.c: 2 warnings, 0 errors
linking...
Program Size: Code=2264 RO-data=27688 RW-data=44 ZI-data=1028  
".\ST7735.axf" - 0 Error(s), 2 Warning(s).
Load "C:\\Users\\JAY-SAN\\Desktop\\ST7735_4C123\\ST7735.axf" 
Connecting: Mode=JTAG, Speed=1000000Hz
Erase Done.
Programming Done.
Verify OK.
</pre>
</body>
</html>
